// Jest Snapshot v1, https://goo.gl/fbAQLP

exports[`Albums Component Albums should render without throwing an error 1`] = `
"<ContextProvider value={{...}}>
  <Component />
</ContextProvider>"
`;
