// Jest Snapshot v1, https://goo.gl/fbAQLP

exports[`Slider Component Slider should render without throwing an error 1`] = `
"<ContextProvider value={{...}}>
  <Slider />
</ContextProvider>"
`;
