// Jest Snapshot v1, https://goo.gl/fbAQLP

exports[`Testing the Navbar Component It should not fail 1`] = `ShallowWrapper {}`;
