// Jest Snapshot v1, https://goo.gl/fbAQLP

exports[`Testing the Posts Component Posts file 1`] = `ShallowWrapper {}`;
